src/components/dashboard/AdminDashboard.tsx(19,23): error TS2769: No overload matches this call.
  Overload 1 of 2, '(relation: never): PostgrestQueryBuilder<{ PostgrestVersion: "14.1"; }, { Tables: {}; Views: {}; Functions: {}; Enums: {}; CompositeTypes: {}; }, never, never, never>', gave the following error.
    Argument of type '"institutions"' is not assignable to parameter of type 'never'.
  Overload 2 of 2, '(relation: never): PostgrestQueryBuilder<{ PostgrestVersion: "14.1"; }, { Tables: {}; Views: {}; Functions: {}; Enums: {}; CompositeTypes: {}; }, never, never, never>', gave the following error.
    Argument of type '"institutions"' is not assignable to parameter of type 'never'.
src/components/dashboard/AdminDashboard.tsx(31,23): error TS2769: No overload matches this call.
  Overload 1 of 2, '(relation: never): PostgrestQueryBuilder<{ PostgrestVersion: "14.1"; }, { Tables: {}; Views: {}; Functions: {}; Enums: {}; CompositeTypes: {}; }, never, never, never>', gave the following error.
    Argument of type '"reviews"' is not assignable to parameter of type 'never'.
  Overload 2 of 2, '(relation: never): PostgrestQueryBuilder<{ PostgrestVersion: "14.1"; }, { Tables: {}; Views: {}; Functions: {}; Enums: {}; CompositeTypes: {}; }, never, never, never>', gave the following error.
    Argument of type '"reviews"' is not assignable to parameter of type 'never'.
src/components/dashboard/AdminDashboard.tsx(42,23): error TS2769: No overload matches this call.
  Overload 1 of 2, '(relation: never): PostgrestQueryBuilder<{ PostgrestVersion: "14.1"; }, { Tables: {}; Views: {}; Functions: {}; Enums: {}; CompositeTypes: {}; }, never, never, never>', gave the following error.
    Argument of type '"institutions"' is not assignable to parameter of type 'never'.
  Overload 2 of 2, '(relation: never): PostgrestQueryBuilder<{ PostgrestVersion: "14.1"; }, { Tables: {}; Views: {}; Functions: {}; Enums: {}; CompositeTypes: {}; }, never, never, never>', gave the following error.
    Argument of type '"institutions"' is not assignable to parameter of type 'never'.
src/components/dashboard/AdminDashboard.tsx(43,25): error TS2345: Argument of type '{ verified: boolean; }' is not assignable to parameter of type 'never'.
src/components/dashboard/AdminDashboard.tsx(85,52): error TS2339: Property 'id' does not exist on type 'never'.
src/components/dashboard/AdminDashboard.tsx(87,76): error TS2339: Property 'name' does not exist on type 'never'.
src/components/dashboard/AdminDashboard.tsx(88,96): error TS2339: Property 'type' does not exist on type 'never'.
src/components/dashboard/AdminDashboard.tsx(88,110): error TS2339: Property 'district' does not exist on type 'never'.
src/components/dashboard/AdminDashboard.tsx(91,51): error TS2339: Property 'verified' does not exist on type 'never'.
src/components/dashboard/AdminDashboard.tsx(96,112): error TS2339: Property 'id' does not exist on type 'never'.
src/components/dashboard/InstitutionDashboard.tsx(17,23): error TS2769: No overload matches this call.
  Overload 1 of 2, '(relation: never): PostgrestQueryBuilder<{ PostgrestVersion: "14.1"; }, { Tables: {}; Views: {}; Functions: {}; Enums: {}; CompositeTypes: {}; }, never, never, never>', gave the following error.
    Argument of type '"institutions"' is not assignable to parameter of type 'never'.
  Overload 2 of 2, '(relation: never): PostgrestQueryBuilder<{ PostgrestVersion: "14.1"; }, { Tables: {}; Views: {}; Functions: {}; Enums: {}; CompositeTypes: {}; }, never, never, never>', gave the following error.
    Argument of type '"institutions"' is not assignable to parameter of type 'never'.
src/components/dashboard/InstitutionDashboard.tsx(54,38): error TS2339: Property 'verified' does not exist on type 'never'.
src/components/dashboard/InstitutionDashboard.tsx(64,42): error TS2339: Property 'verified' does not exist on type 'never'.
src/components/dashboard/InstitutionDashboard.tsx(74,74): error TS2339: Property 'average_rating' does not exist on type 'never'.
src/components/dashboard/InstitutionDashboard.tsx(75,54): error TS2339: Property 'average_rating' does not exist on type 'never'.
src/components/dashboard/InstitutionDashboard.tsx(84,74): error TS2339: Property 'total_reviews' does not exist on type 'never'.
src/components/dashboard/InstitutionDashboard.tsx(106,75): error TS2339: Property 'name' does not exist on type 'never'.
src/components/dashboard/InstitutionDashboard.tsx(110,75): error TS2339: Property 'type' does not exist on type 'never'.
src/components/dashboard/InstitutionDashboard.tsx(114,75): error TS2339: Property 'district' does not exist on type 'never'.
src/components/dashboard/InstitutionDashboard.tsx(119,46): error TS2339: Property 'logo_url' does not exist on type 'never'.
src/components/dashboard/InstitutionDashboard.tsx(120,59): error TS2339: Property 'logo_url' does not exist on type 'never'.
src/components/dashboard/UserDashboard.tsx(16,23): error TS2769: No overload matches this call.
  Overload 1 of 2, '(relation: never): PostgrestQueryBuilder<{ PostgrestVersion: "14.1"; }, { Tables: {}; Views: {}; Functions: {}; Enums: {}; CompositeTypes: {}; }, never, never, never>', gave the following error.
    Argument of type '"reviews"' is not assignable to parameter of type 'never'.
  Overload 2 of 2, '(relation: never): PostgrestQueryBuilder<{ PostgrestVersion: "14.1"; }, { Tables: {}; Views: {}; Functions: {}; Enums: {}; CompositeTypes: {}; }, never, never, never>', gave the following error.
    Argument of type '"reviews"' is not assignable to parameter of type 'never'.
src/components/dashboard/UserDashboard.tsx(65,47): error TS2339: Property 'id' does not exist on type 'never'.
src/components/dashboard/UserDashboard.tsx(69,91): error TS2339: Property 'institution' does not exist on type 'never'.
src/components/dashboard/UserDashboard.tsx(71,76): error TS2339: Property 'rating' does not exist on type 'never'.
src/components/dashboard/UserDashboard.tsx(73,70): error TS2339: Property 'created_at' does not exist on type 'never'.
src/components/dashboard/UserDashboard.tsx(76,53): error TS2339: Property 'comment' does not exist on type 'never'.
src/components/dashboard/UserDashboard.tsx(77,115): error TS2339: Property 'comment' does not exist on type 'never'.
src/components/Navbar.tsx(58,20): error TS2304: Cannot find name 'profile'.
src/contexts/AuthContext.tsx(35,13): error TS2769: No overload matches this call.
  Overload 1 of 2, '(relation: never): PostgrestQueryBuilder<{ PostgrestVersion: "14.1"; }, { Tables: {}; Views: {}; Functions: {}; Enums: {}; CompositeTypes: {}; }, never, never, never>', gave the following error.
    Argument of type '"profiles"' is not assignable to parameter of type 'never'.
  Overload 2 of 2, '(relation: never): PostgrestQueryBuilder<{ PostgrestVersion: "14.1"; }, { Tables: {}; Views: {}; Functions: {}; Enums: {}; CompositeTypes: {}; }, never, never, never>', gave the following error.
    Argument of type '"profiles"' is not assignable to parameter of type 'never'.
src/data/instituicoes.ts(6,5): error TS2353: Object literal may only specify known properties, and 'nome' does not exist in type 'Instituicao'.
src/data/instituicoes.ts(19,5): error TS2353: Object literal may only specify known properties, and 'nome' does not exist in type 'Instituicao'.
src/data/instituicoes.ts(31,5): error TS2353: Object literal may only specify known properties, and 'nome' does not exist in type 'Instituicao'.
src/data/instituicoes.ts(43,5): error TS2353: Object literal may only specify known properties, and 'nome' does not exist in type 'Instituicao'.
src/data/instituicoes.ts(55,5): error TS2353: Object literal may only specify known properties, and 'nome' does not exist in type 'Instituicao'.
src/data/instituicoes.ts(67,5): error TS2353: Object literal may only specify known properties, and 'nome' does not exist in type 'Instituicao'.
src/data/instituicoes.ts(79,5): error TS2353: Object literal may only specify known properties, and 'nome' does not exist in type 'Instituicao'.
src/data/instituicoes.ts(91,5): error TS2353: Object literal may only specify known properties, and 'nome' does not exist in type 'Instituicao'.
src/data/instituicoes.ts(103,5): error TS2353: Object literal may only specify known properties, and 'nome' does not exist in type 'Instituicao'.
src/data/instituicoes.ts(115,5): error TS2353: Object literal may only specify known properties, and 'nome' does not exist in type 'Instituicao'.
src/services/instituicaoService.ts(6,11): error TS2769: No overload matches this call.
  Overload 1 of 2, '(relation: never): PostgrestQueryBuilder<{ PostgrestVersion: "14.1"; }, { Tables: {}; Views: {}; Functions: {}; Enums: {}; CompositeTypes: {}; }, never, never, never>', gave the following error.
    Argument of type '"institutions"' is not assignable to parameter of type 'never'.
  Overload 2 of 2, '(relation: never): PostgrestQueryBuilder<{ PostgrestVersion: "14.1"; }, { Tables: {}; Views: {}; Functions: {}; Enums: {}; CompositeTypes: {}; }, never, never, never>', gave the following error.
    Argument of type '"institutions"' is not assignable to parameter of type 'never'.
src/services/instituicaoService.ts(20,11): error TS2769: No overload matches this call.
  Overload 1 of 2, '(relation: never): PostgrestQueryBuilder<{ PostgrestVersion: "14.1"; }, { Tables: {}; Views: {}; Functions: {}; Enums: {}; CompositeTypes: {}; }, never, never, never>', gave the following error.
    Argument of type '"institutions"' is not assignable to parameter of type 'never'.
  Overload 2 of 2, '(relation: never): PostgrestQueryBuilder<{ PostgrestVersion: "14.1"; }, { Tables: {}; Views: {}; Functions: {}; Enums: {}; CompositeTypes: {}; }, never, never, never>', gave the following error.
    Argument of type '"institutions"' is not assignable to parameter of type 'never'.
src/services/instituicaoService.ts(35,11): error TS2769: No overload matches this call.
  Overload 1 of 2, '(relation: never): PostgrestQueryBuilder<{ PostgrestVersion: "14.1"; }, { Tables: {}; Views: {}; Functions: {}; Enums: {}; CompositeTypes: {}; }, never, never, never>', gave the following error.
    Argument of type '"institutions"' is not assignable to parameter of type 'never'.
  Overload 2 of 2, '(relation: never): PostgrestQueryBuilder<{ PostgrestVersion: "14.1"; }, { Tables: {}; Views: {}; Functions: {}; Enums: {}; CompositeTypes: {}; }, never, never, never>', gave the following error.
    Argument of type '"institutions"' is not assignable to parameter of type 'never'.
src/services/instituicaoService.ts(55,11): error TS2769: No overload matches this call.
  Overload 1 of 2, '(relation: never): PostgrestQueryBuilder<{ PostgrestVersion: "14.1"; }, { Tables: {}; Views: {}; Functions: {}; Enums: {}; CompositeTypes: {}; }, never, never, never>', gave the following error.
    Argument of type '"institutions"' is not assignable to parameter of type 'never'.
  Overload 2 of 2, '(relation: never): PostgrestQueryBuilder<{ PostgrestVersion: "14.1"; }, { Tables: {}; Views: {}; Functions: {}; Enums: {}; CompositeTypes: {}; }, never, never, never>', gave the following error.
    Argument of type '"institutions"' is not assignable to parameter of type 'never'.
src/services/instituicaoService.ts(77,11): error TS2769: No overload matches this call.
  Overload 1 of 2, '(relation: never): PostgrestQueryBuilder<{ PostgrestVersion: "14.1"; }, { Tables: {}; Views: {}; Functions: {}; Enums: {}; CompositeTypes: {}; }, never, never, never>', gave the following error.
    Argument of type '"reviews"' is not assignable to parameter of type 'never'.
  Overload 2 of 2, '(relation: never): PostgrestQueryBuilder<{ PostgrestVersion: "14.1"; }, { Tables: {}; Views: {}; Functions: {}; Enums: {}; CompositeTypes: {}; }, never, never, never>', gave the following error.
    Argument of type '"reviews"' is not assignable to parameter of type 'never'.
src/services/instituicaoService.ts(78,6): error TS2769: No overload matches this call.
  Overload 1 of 2, '(values: never, options?: { count?: "exact" | "planned" | "estimated"; }): PostgrestFilterBuilder<{ PostgrestVersion: "14.1"; }, { Tables: {}; Views: {}; Functions: {}; Enums: {}; CompositeTypes: {}; }, never, null, never, never, "POST">', gave the following error.
    Argument of type '{ institution_id: string; user_id: string; rating: number; comment: string; }' is not assignable to parameter of type 'never'.
  Overload 2 of 2, '(values: never[], options?: { count?: "exact" | "planned" | "estimated"; defaultToNull?: boolean; }): PostgrestFilterBuilder<{ PostgrestVersion: "14.1"; }, { Tables: {}; Views: {}; Functions: {}; Enums: {}; CompositeTypes: {}; }, ... 4 more ..., "POST">', gave the following error.
    Object literal may only specify known properties, and 'institution_id' does not exist in type 'never[]'.
